// Jest Snapshot v1, https://goo.gl/fbAQLP

exports[`About component snapshot renders correctly 1`] = `
ShallowWrapper {
  "complexSelector": ComplexSelector {
    "buildPredicate": [Function],
    "childrenOfNode": [Function],
    "findWhereUnwrapped": [Function],
  },
  "length": 1,
  "node": <section
    className="about"
>
    <h2
        className="about__title"
    />
    <h3
        className="about__subtitle"
    />
    <p
        dangerouslySetInnerHTML={
            Object {
                "__html": undefined,
              }
        }
    />
    <p />
    <ul>
        <li>
            <span
                dangerouslySetInnerHTML={
                    Object {
                        "__html": undefined,
                      }
                }
            />
        </li>
        <li>
            <span
                dangerouslySetInnerHTML={
                    Object {
                        "__html": undefined,
                      }
                }
            />
        </li>
        <li>
            <span
                dangerouslySetInnerHTML={
                    Object {
                        "__html": undefined,
                      }
                }
            />
        </li>
        <li>
            <span
                dangerouslySetInnerHTML={
                    Object {
                        "__html": undefined,
                      }
                }
            />
        </li>
    </ul>
    <p
        dangerouslySetInnerHTML={
            Object {
                "__html": undefined,
              }
        }
    />
    <p
        dangerouslySetInnerHTML={
            Object {
                "__html": undefined,
              }
        }
    />
    <h3
        className="about__subtitle"
    />
    <p
        dangerouslySetInnerHTML={
            Object {
                "__html": undefined,
              }
        }
    />
    <p
        dangerouslySetInnerHTML={
            Object {
                "__html": undefined,
              }
        }
    />
    <h3
        className="about__subtitle"
    />
    <p
        dangerouslySetInnerHTML={
            Object {
                "__html": undefined,
              }
        }
    />
    <p
        dangerouslySetInnerHTML={
            Object {
                "__html": undefined,
              }
        }
    />
    <p
        dangerouslySetInnerHTML={
            Object {
                "__html": undefined,
              }
        }
    />
    <p
        dangerouslySetInnerHTML={
            Object {
                "__html": undefined,
              }
        }
    />
    <p
        dangerouslySetInnerHTML={
            Object {
                "__html": undefined,
              }
        }
    />
    <h3
        className="about__subtitle"
    />
    <p
        dangerouslySetInnerHTML={
            Object {
                "__html": undefined,
              }
        }
    />
    <p
        dangerouslySetInnerHTML={
            Object {
                "__html": undefined,
              }
        }
    />
</section>,
  "nodes": Array [
    <section
      className="about"
>
      <h2
            className="about__title"
      />
      <h3
            className="about__subtitle"
      />
      <p
            dangerouslySetInnerHTML={
                  Object {
                        "__html": undefined,
                      }
            }
      />
      <p />
      <ul>
            <li>
                  <span
                        dangerouslySetInnerHTML={
                              Object {
                                    "__html": undefined,
                                  }
                        }
                  />
            </li>
            <li>
                  <span
                        dangerouslySetInnerHTML={
                              Object {
                                    "__html": undefined,
                                  }
                        }
                  />
            </li>
            <li>
                  <span
                        dangerouslySetInnerHTML={
                              Object {
                                    "__html": undefined,
                                  }
                        }
                  />
            </li>
            <li>
                  <span
                        dangerouslySetInnerHTML={
                              Object {
                                    "__html": undefined,
                                  }
                        }
                  />
            </li>
      </ul>
      <p
            dangerouslySetInnerHTML={
                  Object {
                        "__html": undefined,
                      }
            }
      />
      <p
            dangerouslySetInnerHTML={
                  Object {
                        "__html": undefined,
                      }
            }
      />
      <h3
            className="about__subtitle"
      />
      <p
            dangerouslySetInnerHTML={
                  Object {
                        "__html": undefined,
                      }
            }
      />
      <p
            dangerouslySetInnerHTML={
                  Object {
                        "__html": undefined,
                      }
            }
      />
      <h3
            className="about__subtitle"
      />
      <p
            dangerouslySetInnerHTML={
                  Object {
                        "__html": undefined,
                      }
            }
      />
      <p
            dangerouslySetInnerHTML={
                  Object {
                        "__html": undefined,
                      }
            }
      />
      <p
            dangerouslySetInnerHTML={
                  Object {
                        "__html": undefined,
                      }
            }
      />
      <p
            dangerouslySetInnerHTML={
                  Object {
                        "__html": undefined,
                      }
            }
      />
      <p
            dangerouslySetInnerHTML={
                  Object {
                        "__html": undefined,
                      }
            }
      />
      <h3
            className="about__subtitle"
      />
      <p
            dangerouslySetInnerHTML={
                  Object {
                        "__html": undefined,
                      }
            }
      />
      <p
            dangerouslySetInnerHTML={
                  Object {
                        "__html": undefined,
                      }
            }
      />
</section>,
  ],
  "options": Object {},
  "renderer": ReactShallowRenderer {
    "_instance": ShallowComponentWrapper {
      "_calledComponentWillUnmount": false,
      "_compositeType": 2,
      "_context": Object {},
      "_currentElement": <Unknown
        t={[Function]}
/>,
      "_debugID": 1,
      "_hostContainerInfo": null,
      "_hostParent": null,
      "_instance": StatelessComponent {
        "_reactInternalInstance": [Circular],
        "context": Object {},
        "props": Object {
          "t": [Function],
        },
        "refs": Object {},
        "state": null,
        "updater": Object {
          "enqueueCallback": [Function],
          "enqueueCallbackInternal": [Function],
          "enqueueElementInternal": [Function],
          "enqueueForceUpdate": [Function],
          "enqueueReplaceState": [Function],
          "enqueueSetState": [Function],
          "isMounted": [Function],
          "validateCallback": [Function],
        },
      },
      "_mountOrder": 1,
      "_pendingCallbacks": null,
      "_pendingElement": null,
      "_pendingForceUpdate": false,
      "_pendingReplaceState": false,
      "_pendingStateQueue": null,
      "_renderedComponent": NoopInternalComponent {
        "_currentElement": <section
          className="about"
>
          <h2
                    className="about__title"
          />
          <h3
                    className="about__subtitle"
          />
          <p
                    dangerouslySetInnerHTML={
                              Object {
                                        "__html": undefined,
                                      }
                    }
          />
          <p />
          <ul>
                    <li>
                              <span
                                        dangerouslySetInnerHTML={
                                                  Object {
                                                            "__html": undefined,
                                                          }
                                        }
                              />
                    </li>
                    <li>
                              <span
                                        dangerouslySetInnerHTML={
                                                  Object {
                                                            "__html": undefined,
                                                          }
                                        }
                              />
                    </li>
                    <li>
                              <span
                                        dangerouslySetInnerHTML={
                                                  Object {
                                                            "__html": undefined,
                                                          }
                                        }
                              />
                    </li>
                    <li>
                              <span
                                        dangerouslySetInnerHTML={
                                                  Object {
                                                            "__html": undefined,
                                                          }
                                        }
                              />
                    </li>
          </ul>
          <p
                    dangerouslySetInnerHTML={
                              Object {
                                        "__html": undefined,
                                      }
                    }
          />
          <p
                    dangerouslySetInnerHTML={
                              Object {
                                        "__html": undefined,
                                      }
                    }
          />
          <h3
                    className="about__subtitle"
          />
          <p
                    dangerouslySetInnerHTML={
                              Object {
                                        "__html": undefined,
                                      }
                    }
          />
          <p
                    dangerouslySetInnerHTML={
                              Object {
                                        "__html": undefined,
                                      }
                    }
          />
          <h3
                    className="about__subtitle"
          />
          <p
                    dangerouslySetInnerHTML={
                              Object {
                                        "__html": undefined,
                                      }
                    }
          />
          <p
                    dangerouslySetInnerHTML={
                              Object {
                                        "__html": undefined,
                                      }
                    }
          />
          <p
                    dangerouslySetInnerHTML={
                              Object {
                                        "__html": undefined,
                                      }
                    }
          />
          <p
                    dangerouslySetInnerHTML={
                              Object {
                                        "__html": undefined,
                                      }
                    }
          />
          <p
                    dangerouslySetInnerHTML={
                              Object {
                                        "__html": undefined,
                                      }
                    }
          />
          <h3
                    className="about__subtitle"
          />
          <p
                    dangerouslySetInnerHTML={
                              Object {
                                        "__html": undefined,
                                      }
                    }
          />
          <p
                    dangerouslySetInnerHTML={
                              Object {
                                        "__html": undefined,
                                      }
                    }
          />
</section>,
        "_debugID": 2,
        "_renderedOutput": <section
          className="about"
>
          <h2
                    className="about__title"
          />
          <h3
                    className="about__subtitle"
          />
          <p
                    dangerouslySetInnerHTML={
                              Object {
                                        "__html": undefined,
                                      }
                    }
          />
          <p />
          <ul>
                    <li>
                              <span
                                        dangerouslySetInnerHTML={
                                                  Object {
                                                            "__html": undefined,
                                                          }
                                        }
                              />
                    </li>
                    <li>
                              <span
                                        dangerouslySetInnerHTML={
                                                  Object {
                                                            "__html": undefined,
                                                          }
                                        }
                              />
                    </li>
                    <li>
                              <span
                                        dangerouslySetInnerHTML={
                                                  Object {
                                                            "__html": undefined,
                                                          }
                                        }
                              />
                    </li>
                    <li>
                              <span
                                        dangerouslySetInnerHTML={
                                                  Object {
                                                            "__html": undefined,
                                                          }
                                        }
                              />
                    </li>
          </ul>
          <p
                    dangerouslySetInnerHTML={
                              Object {
                                        "__html": undefined,
                                      }
                    }
          />
          <p
                    dangerouslySetInnerHTML={
                              Object {
                                        "__html": undefined,
                                      }
                    }
          />
          <h3
                    className="about__subtitle"
          />
          <p
                    dangerouslySetInnerHTML={
                              Object {
                                        "__html": undefined,
                                      }
                    }
          />
          <p
                    dangerouslySetInnerHTML={
                              Object {
                                        "__html": undefined,
                                      }
                    }
          />
          <h3
                    className="about__subtitle"
          />
          <p
                    dangerouslySetInnerHTML={
                              Object {
                                        "__html": undefined,
                                      }
                    }
          />
          <p
                    dangerouslySetInnerHTML={
                              Object {
                                        "__html": undefined,
                                      }
                    }
          />
          <p
                    dangerouslySetInnerHTML={
                              Object {
                                        "__html": undefined,
                                      }
                    }
          />
          <p
                    dangerouslySetInnerHTML={
                              Object {
                                        "__html": undefined,
                                      }
                    }
          />
          <p
                    dangerouslySetInnerHTML={
                              Object {
                                        "__html": undefined,
                                      }
                    }
          />
          <h3
                    className="about__subtitle"
          />
          <p
                    dangerouslySetInnerHTML={
                              Object {
                                        "__html": undefined,
                                      }
                    }
          />
          <p
                    dangerouslySetInnerHTML={
                              Object {
                                        "__html": undefined,
                                      }
                    }
          />
</section>,
      },
      "_renderedNodeType": 0,
      "_rootNodeID": 0,
      "_topLevelWrapper": null,
      "_updateBatchNumber": null,
      "_warnedAboutRefsInRender": false,
    },
    "getRenderOutput": [Function],
    "render": [Function],
  },
  "root": [Circular],
  "unrendered": <Unknown
    t={[Function]}
/>,
}
`;
